[2026-08-15 20:00:00] [INFO] Initiated design and plan for Routine Tasks Engine & Auto My Day Population.
[2026-08-15 20:01:20] [INFO] Created implementation plan artifact implementation_plan.md.
[2026-08-15 20:01:30] [INFO] Updated src/lib/storage.js with routine storage keys, default starter routines, getRoutines(), and saveRoutines().
[2026-08-15 20:01:50] [INFO] Created src/components/RoutineManager.js for routine configuration, inline target time editing, frequencies, and streak analytics.
[2026-08-15 20:02:10] [INFO] Updated src/components/Sidebar.js view switcher to include Routine tab and info box.
[2026-08-15 20:02:40] [INFO] Integrated src/app/page.js with routines state, evaluateRoutineAutoPopulate(), and completion log streak handlers.
[2026-08-15 20:03:25] [INFO] Added routine badge indicator to TaskCard in src/components/TaskManager.js.
[2026-08-15 20:18:25] [INFO] Fixed activeProfile and modal prop forwarding bug in src/components/Sidebar.js to sync profile name & avatar.
[2026-08-15 20:18:35] [INFO] Upgraded Daily Routine Recurring Engine sidebar card styling with glowing badge and gradient layout.
[2026-08-15 20:19:00] [INFO] Created SMTP Email API endpoint src/app/api/notifications/email/route.js and installed nodemailer dependency.
[2026-08-15 20:19:25] [INFO] Added SMTP Direct Server Dispatcher test UI card into NotificationManagerModal.js.
[2026-08-15 20:51:15] [INFO] Configured Gmail SMTP App Password credentials (lznl ldgs yurp kqjk) into .env for TaskPulse email dispatches.
[2026-08-15 20:51:25] [INFO] Verified production build compilation with zero errors.
[2026-08-15 21:00:00] [INFO] Reassigned primary default profile in src/lib/storage.js to Aditya (p-aditya, Admin role).
[2026-08-15 21:00:15] [INFO] Updated TaskManager.js and NoteCanvas.js to attach activeProfile.id on item creation.
[2026-08-15 21:00:30] [INFO] Enforced strict per-profile data isolation in src/app/page.js and auto-migrated legacy data to Aditya.
[2026-08-15 21:01:00] [INFO] Created src/components/AdminPanelModal.js featuring RBAC role toggles, data metrics, log audit, and JSON database backup/restore.
[2026-08-15 21:01:30] [INFO] Rendered Admin Control Panel trigger button in Sidebar.js footer exclusively for Admin role profiles.
[2026-08-15 21:15:10] [INFO] Added Delete Routine button to routine creation and edit modal in RoutineManager.js.
[2026-08-15 21:15:20] [INFO] Added Admin primary tab to view switcher in Sidebar.js and page.js for direct embedded Admin Panel access.
[2026-08-15 21:16:00] [INFO] Built 7:00 AM Daily Morning Digest Email card in NotificationManagerModal.js with Nodemailer SMTP dispatch button targeting tiwari17aditya@gmail.com.
[2026-08-15 21:16:15] [INFO] Updated TaskManager.js to collapse completed history tasks and calendar views by default for a clean workspace layout.
[2026-08-15 21:30:00] [FIX] Moved Floating Action Button (+) to TaskManager root JSX scope to render across all workspace views and fixed HistoryCalendar scope ReferenceError.
[2026-08-15 21:37:00] [FEAT] Fixed handleSetRoutines in page.js for routine deletion, added permanent Admin tab in Sidebar, added Anti-Hallucination rule to AGENTS.md, upgraded FAB (+) to Whole Card Creation Modal with interactive calendar date picker, and enforced default myDay=false.
[2026-08-15 21:48:00] [FEAT] Created src/config/rbac.json, cleaned up sample profiles in storage.js, enlarged FAB button (w-16 h-16), removed inline task inputs & agenda drawer, positioned Admin trigger next to Profile pill strictly for RBAC Admin role, and rendered Database Status/Version info inside Admin Control Panel.
[2026-08-15 22:00:00] [FEAT] Created ProfileLockModal.js with LDAP-style shared Master Admin PIN across all Admin profiles (test1, test2), added Add Member form in Admin Panel, restricted Admin role assignment to Admin Panel, and removed Admin tab from Sidebar view switcher grid.
[2026-08-15 22:05:00] [FEAT] Created FirstTimeTutorialModal.js for first-time visitor onboarding, updated DOCUMENTATION.md, bumped VERSION.md to v1.1.0-beta, and added mandatory Continuous Documentation & UI Version Maintenance Rule to AGENTS.md.
[2026-08-15 22:11:00] [FEAT] Defaulted task creation due date to creation date (today) in TaskManager.js FAB modal, enforced automatic workspace lock on app startup for locked profiles in page.js, and added isLocked privacy toggle in ProfileManagerModal.js.
[2026-08-15 22:14:00] [FIX] Enforced Admin role persistence for Aditya profile in storage.js, page.js startup auto-repair, and ProfileManagerModal.js edit handler to guarantee Admin role and header trigger button never disappear.
[2026-08-15 22:18:00] [FEAT] Standardized non-admin RBAC roles to 'Member' and admin roles to 'Admin' across rbac.json, ProfileManagerModal.js, AdminPanelModal.js, ProfileLockModal.js, and page.js header tags.
[2026-08-15 22:20:00] [SECURITY] Enforced impenetrable Profile Privacy Lock Guard in page.js, blocking profile state switch and content rendering until PIN verification succeeds.
[2026-08-15 22:22:00] [DB] Added pin and isLocked columns to profiles table schema in api/db/profiles/route.js for real-time NeonDB PostgreSQL sync.
[2026-08-15 22:27:00] [FEAT] Bypassed PIN password prompt for profiles with isLocked=false, added interactive Header Privacy Lock/Unlock Toggle Pill, and rendered Lock Status badges in ProfileManagerModal.js.
[2026-08-15 22:31:00] [REFACTOR] Restructured root directory: moved tracking files into tracker/, documentation into docs/, database scripts into samples/scripts/, updated AGENTS.md, created root README.md guide, and deleted obsolete .venv.
[2026-08-15 22:35:00] [REFACTOR] Restructured repository layout: created main-code/ (holding src/, public/, package.json, configs), audits/ (holding token_usage.md, VERSION.md, ENHANCEMENTS.md, logs/), docs/, samples/, and updated AGENTS.md & README.md.
[2026-08-15 22:39:00] [FIX] Restored Next.js build toolchain (package.json, src/, public/, configs) to repository root for instant Vercel cloud deployment URL & npm run dev compatibility while keeping audits/, docs/, samples/, and .agents/ cleanly isolated.





